use snafu::Snafu;

#[derive(Debug, Snafu)]
enum EnumError {
    EnumVariant1,
    EnumVariant2 { name: String },
}

#[derive(Debug, Snafu)]
struct StructError;

fn main() {
    let _ = EnumVariant1Snafu.build();
    let _ = EnumVariant2Snafu { name: "name" }.build();
    let _ = StructSnafu.build();
}
